[
"nebius_compute_v1_disk",
"nebius_compute_v1_filesystem",
"nebius_compute_v1_gpu_cluster",
"nebius_dns_v1_record",
"nebius_dns_v1_zone",
"nebius_iam_v1_group",
"nebius_iam_v1_group_membership",
"nebius_iam_v1_service_account",
"nebius_iam_v2_access_key",
"nebius_mk8s_v1_cluster",
"nebius_mk8s_v1_node_group",
"nebius_mysterybox_v1_secret",
"nebius_mysterybox_v1_secret_version",
"nebius_storage_v1_bucket",
"nebius_storage_v1_transfer",
"nebius_vpc_v1_allocation",
"nebius_vpc_v1_network",
"nebius_vpc_v1_pool",
"nebius_vpc_v1_route",
"nebius_vpc_v1_route_table",
"nebius_vpc_v1_security_group",
"nebius_vpc_v1_security_rule",
"nebius_vpc_v1_subnet"
]